// Jest Snapshot v1, https://goo.gl/fbAQLP

exports[`Helmet Data Browser renders declarative without context 1`] = `"<base target=\\"_blank\\" href=\\"http://localhost/\\" data-rh=\\"true\\">"`;

exports[`Helmet Data Browser renders without context 1`] = `"<base target=\\"_blank\\" href=\\"http://localhost/\\" data-rh=\\"true\\">"`;

exports[`Helmet Data Browser sets base tag based on deepest nested component 1`] = `"<base href=\\"http://mysite.com/public\\" data-rh=\\"true\\">"`;

exports[`Helmet Data Server renders declarative without context 1`] = `"<base data-rh=\\"true\\" target=\\"_blank\\" href=\\"http://localhost/\\"></base>"`;

exports[`Helmet Data Server renders without context 1`] = `"<base data-rh=\\"true\\" target=\\"_blank\\" href=\\"http://localhost/\\"></base>"`;

exports[`Helmet Data Server sets base tag based on deepest nested component 1`] = `"<base data-rh=\\"true\\" href=\\"http://mysite.com/public\\"></base>"`;

exports[`Helmet Data Server works with the same context object but separate HelmetData instances 1`] = `""`;
