// Jest Snapshot v1, https://goo.gl/fbAQLP

exports[`<html> attributes Server API renders html attributes as React component 1`] = `"<html lang=\\"ga\\" class=\\"myClassName\\"></html>"`;

exports[`<html> attributes Server API renders html attributes as string 1`] = `"lang=\\"ga\\" class=\\"myClassName\\""`;

exports[`<html> attributes Server Declarative API renders html attributes as React component 1`] = `"<html lang=\\"ga\\" class=\\"myClassName\\"></html>"`;

exports[`<html> attributes Server Declarative API renders html attributes as string 1`] = `"lang=\\"ga\\" class=\\"myClassName\\""`;
