// Jest Snapshot v1, https://goo.gl/fbAQLP

exports[`<link> tags Browser API allows duplicate link tags if specified in the same component 1`] = `"<link rel=\\"canonical\\" href=\\"http://localhost/helmet\\" data-rh=\\"true\\">"`;

exports[`<link> tags Browser API allows duplicate link tags if specified in the same component 2`] = `"<link rel=\\"canonical\\" href=\\"http://localhost/helmet/component\\" data-rh=\\"true\\">"`;

exports[`<link> tags Browser API correctly uses "rel" as the primary identification for tags with "rel" and "href", regardless of ordering 1`] = `"<link href=\\"http://localhost/helmet/newest\\" rel=\\"canonical\\" data-rh=\\"true\\">"`;

exports[`<link> tags Browser API correctly uses the "href" as the primary identification for tags with rel="stylesheet", regardless of ordering 1`] = `"<link href=\\"http://localhost/style.css\\" rel=\\"stylesheet\\" type=\\"text/css\\" media=\\"all\\" data-rh=\\"true\\">"`;

exports[`<link> tags Browser API correctly uses the "href" as the primary identification for tags with rel="stylesheet", regardless of ordering 2`] = `"<link rel=\\"stylesheet\\" href=\\"http://localhost/inner.css\\" type=\\"text/css\\" media=\\"all\\" data-rh=\\"true\\">"`;

exports[`<link> tags Browser API does not render tag when primary attribute is null 1`] = `"<link rel=\\"canonical\\" href=\\"http://localhost/helmet/component\\" data-rh=\\"true\\">"`;

exports[`<link> tags Browser API overrides duplicate link tags with a single link tag in a nested component 1`] = `"<link rel=\\"canonical\\" href=\\"http://localhost/helmet/innercomponent\\" data-rh=\\"true\\">"`;

exports[`<link> tags Browser API overrides single link tag with duplicate link tags in a nested component 1`] = `"<link rel=\\"canonical\\" href=\\"http://localhost/helmet/component\\" data-rh=\\"true\\">"`;

exports[`<link> tags Browser API overrides single link tag with duplicate link tags in a nested component 2`] = `"<link rel=\\"canonical\\" href=\\"http://localhost/helmet/innercomponent\\" data-rh=\\"true\\">"`;

exports[`<link> tags Browser API sets link tags based on deepest nested component 1`] = `"<link href=\\"http://localhost/style.css\\" rel=\\"stylesheet\\" type=\\"text/css\\" media=\\"all\\" data-rh=\\"true\\">"`;

exports[`<link> tags Browser API sets link tags based on deepest nested component 2`] = `"<link rel=\\"canonical\\" href=\\"http://localhost/helmet/innercomponent\\" data-rh=\\"true\\">"`;

exports[`<link> tags Browser API sets link tags based on deepest nested component 3`] = `"<link href=\\"http://localhost/inner.css\\" rel=\\"stylesheet\\" type=\\"text/css\\" media=\\"all\\" data-rh=\\"true\\">"`;

exports[`<link> tags Browser Declarative API allows duplicate link tags if specified in the same component 1`] = `"<link rel=\\"canonical\\" href=\\"http://localhost/helmet\\" data-rh=\\"true\\">"`;

exports[`<link> tags Browser Declarative API allows duplicate link tags if specified in the same component 2`] = `"<link rel=\\"canonical\\" href=\\"http://localhost/helmet/component\\" data-rh=\\"true\\">"`;

exports[`<link> tags Browser Declarative API correctly uses "rel" as the primary identification for tags with "rel" and "href", regardless of ordering 1`] = `"<link href=\\"http://localhost/helmet/newest\\" rel=\\"canonical\\" data-rh=\\"true\\">"`;

exports[`<link> tags Browser Declarative API correctly uses the "href" as the primary identification for tags with rel="stylesheet", regardless of ordering 1`] = `"<link href=\\"http://localhost/style.css\\" rel=\\"stylesheet\\" type=\\"text/css\\" media=\\"all\\" data-rh=\\"true\\">"`;

exports[`<link> tags Browser Declarative API correctly uses the "href" as the primary identification for tags with rel="stylesheet", regardless of ordering 2`] = `"<link rel=\\"stylesheet\\" href=\\"http://localhost/inner.css\\" type=\\"text/css\\" media=\\"all\\" data-rh=\\"true\\">"`;

exports[`<link> tags Browser Declarative API does not render tag when primary attribute is null 1`] = `"<link rel=\\"canonical\\" href=\\"http://localhost/helmet/component\\" data-rh=\\"true\\">"`;

exports[`<link> tags Browser Declarative API overrides duplicate link tags with a single link tag in a nested component 1`] = `"<link rel=\\"canonical\\" href=\\"http://localhost/helmet/innercomponent\\" data-rh=\\"true\\">"`;

exports[`<link> tags Browser Declarative API overrides single link tag with duplicate link tags in a nested component 1`] = `"<link rel=\\"canonical\\" href=\\"http://localhost/helmet/component\\" data-rh=\\"true\\">"`;

exports[`<link> tags Browser Declarative API overrides single link tag with duplicate link tags in a nested component 2`] = `"<link rel=\\"canonical\\" href=\\"http://localhost/helmet/innercomponent\\" data-rh=\\"true\\">"`;

exports[`<link> tags Browser Declarative API sets link tags based on deepest nested component 1`] = `"<link href=\\"http://localhost/style.css\\" rel=\\"stylesheet\\" type=\\"text/css\\" media=\\"all\\" data-rh=\\"true\\">"`;

exports[`<link> tags Browser Declarative API sets link tags based on deepest nested component 2`] = `"<link rel=\\"canonical\\" href=\\"http://localhost/helmet/innercomponent\\" data-rh=\\"true\\">"`;

exports[`<link> tags Browser Declarative API sets link tags based on deepest nested component 3`] = `"<link href=\\"http://localhost/inner.css\\" rel=\\"stylesheet\\" type=\\"text/css\\" media=\\"all\\" data-rh=\\"true\\">"`;

exports[`<link> tags Server API renders link tags as React components 1`] = `"<link data-rh=\\"true\\" href=\\"http://localhost/style.css\\" rel=\\"stylesheet\\" type=\\"text/css\\"/><link data-rh=\\"true\\" href=\\"http://localhost/helmet\\" rel=\\"canonical\\"/>"`;

exports[`<link> tags Server API renders link tags as string 1`] = `"<link data-rh=\\"true\\" href=\\"http://localhost/style.css\\" rel=\\"stylesheet\\" type=\\"text/css\\"></link><link data-rh=\\"true\\" href=\\"http://localhost/helmet\\" rel=\\"canonical\\"></link>"`;

exports[`<link> tags Server Declarative API renders link tags as React components 1`] = `"<link data-rh=\\"true\\" href=\\"http://localhost/style.css\\" rel=\\"stylesheet\\" type=\\"text/css\\"/><link data-rh=\\"true\\" href=\\"http://localhost/helmet\\" rel=\\"canonical\\"/>"`;

exports[`<link> tags Server Declarative API renders link tags as string 1`] = `"<link data-rh=\\"true\\" href=\\"http://localhost/style.css\\" rel=\\"stylesheet\\" type=\\"text/css\\"></link><link data-rh=\\"true\\" href=\\"http://localhost/helmet\\" rel=\\"canonical\\"></link>"`;
