// Jest Snapshot v1, https://goo.gl/fbAQLP

exports[`<style> tags Client API updates style tags 1`] = `
"<style type=\\"text/css\\" data-rh=\\"true\\">
                  body {
                      background-color: green;
                  }
              </style>"
`;

exports[`<style> tags Client API updates style tags 2`] = `
"<style data-rh=\\"true\\">
                  p {
                      font-size: 12px;
                  }
              </style>"
`;

exports[`<style> tags Client Declarative API updates style tags 1`] = `
"<style type=\\"text/css\\" data-rh=\\"true\\">
            body {
                background-color: green;
            }
        </style>"
`;

exports[`<style> tags Client Declarative API updates style tags 2`] = `
"<style data-rh=\\"true\\">
            p {
                font-size: 12px;
            }
        </style>"
`;

exports[`<style> tags Server API renders style tags as React components 1`] = `"<style data-rh=\\"true\\" type=\\"text/css\\">p {font-size: 12px;}</style><style data-rh=\\"true\\" type=\\"text/css\\">body {background-color: green;}</style>"`;

exports[`<style> tags Server API renders style tags as string 1`] = `"<style data-rh=\\"true\\" type=\\"text/css\\"/><style data-rh=\\"true\\" type=\\"text/css\\"/>"`;

exports[`<style> tags Server Declarative API renders style tags as React components 1`] = `"<style data-rh=\\"true\\" type=\\"text/css\\">p {font-size: 12px;}</style><style data-rh=\\"true\\" type=\\"text/css\\">body {background-color: green;}</style>"`;

exports[`<style> tags Server Declarative API renders style tags as string 1`] = `"<style data-rh=\\"true\\" type=\\"text/css\\"/><style data-rh=\\"true\\" type=\\"text/css\\"/>"`;
